[www.calculat.org/pt/index.html]
[backblue.gif]
[fade.gif]
[index.html]
[www.calculat.org/aaa/css/0/min-styl.css]
[www.calculat.org/aaa/css/0/styl.css]
[www.calculat.org/aaa/css/0/0.css]
[www.calculat.org/aaa/js/min-script.js]
[pagead2.googlesyndication.com/pagead/js/f0d22.txt]
[www.calculat.org/pt/area-perimetro/index.html]
[www.calculat.org/pt/index.html]
[www.calculat.org/pt/volume-area/index.html]
[www.calculat.org/aaa/css/0/min-styl.css]
[www.calculat.org/pt/porcentagem/index.html]
[www.google-analytics.com/analytics.js]
[www.calculat.org/pt/equacao/index.html]
[www.calculat.org/aaa/css/0/styl.css]
[www.calculat.org/pt/media/index.html]
[www.calculat.org/pt/regra-de-tres/index.html]
[www.calculat.org/pt/potencias-raizes/index.html]
[www.calculat.org/aaa/css/0/0.css]
[www.calculat.org/pt/logaritmos/index.html]
[www.calculat.org/pt/conversao-de-unidades/index.html]
[www.calculat.org/pt/energia/index.html]
[www.calculat.org/pt/funcoes-trigonometricas/index.html]
[www.calculat.org/pt/area-perimetro/circulo/index.html]
[www.calculat.org/aaa/css/0/svg.css]
[www.calculat.org/pt/area-perimetro/triangulo/index.html]
[www.calculat.org/pt/area-perimetro/triangulo-retangulo/index.html]
[www.calculat.org/pt/area-perimetro/index.html]
[www.calculat.org/pt/area-perimetro/quadrado/index.html]
[www.calculat.org/pt/volume-area/index.html]
[www.calculat.org/pt/area-perimetro/retangulo/index.html]
[www.calculat.org/pt/area-perimetro/losango/index.html]
[www.calculat.org/pt/area-perimetro/paralelogramo/index.html]
[www.calculat.org/pt/area-perimetro/trapezio/index.html]
[www.calculat.org/aaa/css/0/1.css]
[www.calculat.org/pt/area-perimetro/pentagono/index.html]
[www.calculat.org/pt/area-perimetro/hexagono/index.html]
[www.calculat.org/aaa/css/0/300.css]
[www.calculat.org/pt/area-perimetro/poligono/index.html]
[www.calculat.org/pt/area-perimetro/teorema-de-pitagoras/index.html]
[www.calculat.org/aaa/js/mathjax/es5/tex-svg.js]
[www.calculat.org/pt/volume-area/cubo/index.html]
[www.calculat.org/aaa/js/0/300.js]
[www.calculat.org/pt/volume-area/ortoedro/index.html]
[www.calculat.org/pt/volume-area/cilindro/index.html]
[www.calculat.org/aaa/js/0/kalk.js]
[www.calculat.org/pt/porcentagem/index.html]
[www.calculat.org/pt/volume-area/cone/index.html]
[www.calculat.org/pt/volume-area/bola/index.html]
[www.calculat.org/pt/volume-area/prisma/index.html]
[www.calculat.org/aaa/css/0/400.css]
[www.calculat.org/pt/volume-area/piramide/index.html]
[www.calculat.org/pt/equacao/equacao-linear/index.html]
[www.calculat.org/aaa/js/0/400.js]
[www.calculat.org/pt/regra-de-tres/index.html]
[www.calculat.org/pt/equacao/index.html]
[www.calculat.org/pt/equacao/equacao-quadratica/index.html]
[www.calculat.org/pt/media/index.html]
[www.calculat.org/pt/equacao/sistema-de-equacoes/index.html]
[www.calculat.org/pt/media/media-aritmetica/index.html]
[www.calculat.org/pt/potencias-raizes/segunda-potencia/index.html]
[www.calculat.org/pt/potencias-raizes/index.html]
[www.calculat.org/pt/potencias-raizes/terceira-potencia/index.html]
[www.calculat.org/pt/media/media-aritmetica-ponderada/index.html]
[www.calculat.org/pt/funcoes-trigonometricas/index.html]
[www.calculat.org/pt/potencias-raizes/n-esima-potencia/index.html]
[www.calculat.org/pt/logaritmos/index.html]
[www.calculat.org/pt/potencias-raizes/raiz-quadrada/index.html]
[www.calculat.org/pt/potencias-raizes/raiz-cubica/index.html]
[www.calculat.org/pt/potencias-raizes/raiz-n-esima/index.html]
[www.calculat.org/pt/conversao-de-unidades/index.html]
[www.calculat.org/pt/funcoes-trigonometricas/seno/index.html]
[www.calculat.org/pt/funcoes-trigonometricas/cosseno/index.html]
[www.calculat.org/pt/energia/index.html]
[www.calculat.org/pt/funcoes-trigonometricas/cotangente/index.html]
[www.calculat.org/pt/funcoes-trigonometricas/tangente/index.html]
[www.calculat.org/pt/logaritmos/logaritmo-natural/index.html]
[www.calculat.org/pt/logaritmos/logaritmo/index.html]
[www.calculat.org/pt/logaritmos/logaritmo-comum/index.html]
[www.calculat.org/pt/conversao-de-unidades/comprimento/index.html]
[www.calculat.org/pt/conversao-de-unidades/area/index.html]
[www.calculat.org/pt/conversao-de-unidades/volume/index.html]
[www.calculat.org/aaa/js/0/101.js]
[www.calculat.org/pt/area-perimetro/circulo/index.html]
[www.calculat.org/pt/conversao-de-unidades/massa/index.html]
[www.calculat.org/pt/conversao-de-unidades/velocidade/index.html]
[www.calculat.org/pt/conversao-de-unidades/temperatura/index.html]
[www.calculat.org/aaa/js/0/102.js]
[www.calculat.org/pt/area-perimetro/triangulo/index.html]
[www.calculat.org/pt/conversao-de-unidades/angulos/index.html]
[www.calculat.org/pt/conversao-de-unidades/pressao/index.html]
[www.calculat.org/pt/conversao-de-unidades/potencia/index.html]
[www.calculat.org/aaa/js/0/103.js]
[www.calculat.org/pt/area-perimetro/triangulo-retangulo/index.html]
[www.calculat.org/pt/conversao-de-unidades/energia/index.html]
[www.calculat.org/pt/conversao-de-unidades/tempo/index.html]
[www.calculat.org/pt/energia/consumo-de-eletricidade/index.html]
[www.calculat.org/pt/area-perimetro/quadrado/index.html]
[www.calculat.org/aaa/js/0/104.js]
[www.calculat.org/pt/energia/consumo-de-combustivel/index.html]
[www.calculat.org/pt/energia/consumo-de-gas/index.html]
[www.calculat.org/pt/area-perimetro/retangulo/index.html]
[www.calculat.org/aaa/js/0/105.js]
[www.calculat.org/pt/area-perimetro/losango/index.html]
[www.calculat.org/aaa/js/0/106.js]
[www.calculat.org/pt/area-perimetro/paralelogramo/index.html]
[www.calculat.org/aaa/js/0/107.js]
[www.calculat.org/pt/area-perimetro/trapezio/index.html]
[www.calculat.org/aaa/js/0/108.js]
[www.calculat.org/pt/area-perimetro/pentagono/index.html]
[www.calculat.org/aaa/js/0/109.js]
[www.calculat.org/pt/area-perimetro/hexagono/index.html]
[www.calculat.org/aaa/js/0/110.js]
[www.calculat.org/pt/area-perimetro/poligono/index.html]
[www.calculat.org/aaa/js/0/111.js]
[www.calculat.org/pt/area-perimetro/teorema-de-pitagoras/index.html]
[www.calculat.org/aaa/js/0/112.js]
[www.calculat.org/pt/volume-area/cubo/index.html]
[www.calculat.org/aaa/js/0/201.js]
[www.calculat.org/pt/volume-area/ortoedro/index.html]
[www.calculat.org/aaa/js/0/202.js]
[www.calculat.org/pt/volume-area/cilindro/index.html]
[www.calculat.org/aaa/js/0/203.js]
[www.calculat.org/pt/volume-area/cone/index.html]
[www.calculat.org/aaa/js/0/204.js]
[www.calculat.org/pt/volume-area/bola/index.html]
[www.calculat.org/aaa/js/0/205.js]
[www.calculat.org/pt/volume-area/prisma/index.html]
[www.calculat.org/aaa/js/0/206.js]
[www.calculat.org/pt/volume-area/piramide/index.html]
[www.calculat.org/aaa/js/0/207.js]
[www.calculat.org/aaa/css/0/600.css]
[www.calculat.org/aaa/js/0/601.js]
[www.calculat.org/pt/equacao/equacao-linear/index.html]
[www.calculat.org/aaa/js/0/602.js]
[www.calculat.org/pt/equacao/equacao-quadratica/index.html]
[www.calculat.org/aaa/js/0/603.js]
[www.calculat.org/pt/equacao/sistema-de-equacoes/index.html]
[www.calculat.org/aaa/css/0/700.css]
[www.calculat.org/aaa/js/0/701.js]
[www.calculat.org/pt/media/media-aritmetica/index.html]
[www.calculat.org/aaa/js/0/702.js]
[www.calculat.org/pt/media/media-aritmetica-ponderada/index.html]
[www.calculat.org/aaa/js/0/801.js]
[www.calculat.org/pt/potencias-raizes/segunda-potencia/index.html]
[www.calculat.org/aaa/js/0/802.js]
[www.calculat.org/pt/potencias-raizes/terceira-potencia/index.html]
[www.calculat.org/pt/potencias-raizes/n-esima-potencia/index.html]
[www.calculat.org/aaa/js/0/803.js]
[www.calculat.org/aaa/js/0/804.js]
[www.calculat.org/pt/potencias-raizes/raiz-quadrada/index.html]
[www.calculat.org/aaa/js/0/805.js]
[www.calculat.org/pt/potencias-raizes/raiz-cubica/index.html]
[www.calculat.org/aaa/js/0/806.js]
[www.calculat.org/pt/potencias-raizes/raiz-n-esima/index.html]
[www.calculat.org/pt/funcoes-trigonometricas/seno/index.html]
[www.calculat.org/aaa/js/0/901.js]
[www.calculat.org/pt/funcoes-trigonometricas/cosseno/index.html]
[www.calculat.org/aaa/js/0/902.js]
[www.calculat.org/pt/funcoes-trigonometricas/tangente/index.html]
[www.calculat.org/aaa/js/0/903.js]
[www.calculat.org/pt/funcoes-trigonometricas/cotangente/index.html]
[www.calculat.org/aaa/js/0/904.js]
[www.calculat.org/aaa/js/0/1201.js]
[www.calculat.org/pt/logaritmos/logaritmo/index.html]
[www.calculat.org/aaa/js/0/1202.js]
[www.calculat.org/pt/logaritmos/logaritmo-natural/index.html]
[www.calculat.org/aaa/js/0/1203.js]
[www.calculat.org/pt/logaritmos/logaritmo-comum/index.html]
[www.calculat.org/aaa/js/0/1401.js]
[www.calculat.org/pt/conversao-de-unidades/comprimento/index.html]
[www.calculat.org/aaa/js/0/1402.js]
[www.calculat.org/pt/conversao-de-unidades/area/index.html]
[www.calculat.org/aaa/js/0/1403.js]
[www.calculat.org/pt/conversao-de-unidades/volume/index.html]
[www.calculat.org/aaa/js/0/1404.js]
[www.calculat.org/pt/conversao-de-unidades/massa/index.html]
[www.calculat.org/aaa/js/0/1405.js]
[www.calculat.org/pt/conversao-de-unidades/velocidade/index.html]
[www.calculat.org/aaa/js/0/1406.js]
[www.calculat.org/pt/conversao-de-unidades/temperatura/index.html]
[www.calculat.org/aaa/js/0/1407.js]
[www.calculat.org/pt/conversao-de-unidades/angulos/index.html]
[www.calculat.org/aaa/js/0/1408.js]
[www.calculat.org/pt/conversao-de-unidades/pressao/index.html]
[www.calculat.org/aaa/js/0/1409.js]
[www.calculat.org/pt/conversao-de-unidades/potencia/index.html]
[www.calculat.org/aaa/js/0/1410.js]
[www.calculat.org/pt/conversao-de-unidades/energia/index.html]
[www.calculat.org/aaa/js/0/1411.js]
[www.calculat.org/pt/conversao-de-unidades/tempo/index.html]
[www.calculat.org/aaa/js/0/1005.js]
[www.calculat.org/pt/energia/consumo-de-eletricidade/index.html]
[www.calculat.org/aaa/js/0/1006.js]
[www.calculat.org/pt/energia/consumo-de-combustivel/index.html]
[www.calculat.org/aaa/js/0/1008.js]
[www.calculat.org/pt/energia/consumo-de-gas/index.html]
[www.calculat.org/aaa/css/0/svg.css]
[www.calculat.org/aaa/css/0/1.css]
[www.calculat.org/aaa/css/0/300.css]
[www.calculat.org/aaa/css/0/400.css]
[www.calculat.org/aaa/css/0/600.css]
[www.calculat.org/aaa/css/0/700.css]
